// Jest Snapshot v1, https://goo.gl/fbAQLP

exports[`matches Snapshot 1`] = `
<div
  className="hidden-container"
>
  <div
    className="header"
  >
    <h3>
      Post Details
    </h3>
    <div
      className="header-buttons"
    >
      <button
        onClick={[Function]}
      >
        Back
      </button>
    </div>
  </div>
</div>
`;
